<html>
<body>
<pre>
<h1>µVision Build Log</h1>
<h2>Project:</h2>
C:\Keil\Labware\PWM_4C123\PWM.uvproj
Project File Date:  02/24/2016

<h2>Output:</h2>
Rebuild target 'PWM'
assembling startup.s...
compiling PLL.c...
compiling PWM.c...
compiling PWMtest.c...
linking...
Program Size: Code=1620 RO-data=32 RW-data=8 ZI-data=1120  
".\PWM.axf" - 0 Error(s), 0 Warning(s).
Load "C:\\Keil\\Labware\\PWM_4C123\\PWM.axf" 
Connecting: Mode=JTAG, Speed=1000000Hz
Unable to initialize device!, error code=4
Error: Flash Download failed  -  Target DLL has been cancelled
</pre>
</body>
</html>
\PWM.axf" 
Connecting: Mode=JTAG, Speed=1000000Hz
Unable to initialize device!, error code=4
Error: Flash Download failed  -  Target DLL has been cancelled
Load "C:\\Keil\\Labware\\PWM_4C123\\PWM.axf" 
Connecting: Mode=JTAG, Speed=1000000Hz
Unable to initialize device!, error code=4
Error: Flash Download failed  -  Target DLL has been cancelled
Load "C:\\Keil\\Labware\\PWM_4C123\\PWM.axf" 
Connecting: Mode=JTAG, Speed=1000000Hz
Unable to initialize device!, error code=4
Error: Flash Download failed  -  Target DLL has been cancelled
