<html>
<body>
<pre>
<h1>µVision Build Log</h1>
<h2>Project:</h2>
C:\Keil\Labware\CECS347-Lab4\Lab14.uvproj
Project File Date:  04/08/2014

<h2>Output:</h2>
Rebuild target 'Lab14'
assembling startup.s...
compiling MeasurementOfDistance.c...
compiling Nokia5110.c...
compiling ADC.c...
linking...
Program Size: Code=12668 RO-data=7716 RW-data=196 ZI-data=1756  
".\Lab14.axf" - 0 Error(s), 0 Warning(s).
Load "C:\\Keil\\Labware\\CECS347-Lab4\\Lab14.axf" 
Connecting: Mode=JTAG, Speed=1000000Hz
Erase Done.
Programming Done.
Verify OK.
Load "C:\\Keil\\Labware\\CECS347-Lab4\\Lab14.axf" 
Connecting: Mode=JTAG, Speed=1000000Hz
Erase Done.
Programming Done.
Verify OK.
1000000Hz
Erase Done.
Programming Done.
Verify OK.
b14.axf" - 3 Error(s), 0 Warning(s).
Target not created
Load "C:\\Keil\\Labware\\CECS347-Lab4\\Lab14.axf" 
_____^
*** error 56: cannot open file
Error: Flash Download failed  -  Could not load file 'C:\Keil\Labware\CECS347-Lab4\Lab14.axf'
