<html>
<body>
<pre>
<h1>µVision Build Log</h1>
<h2>Project:</h2>
C:\Users\Chris\Downloads\Lab14_MeasurementOfDistance\Lab14_MeasurementOfDistance\Lab14.uvproj
Project File Date:  10/29/2018

<h2>Output:</h2>
Rebuild target 'Lab14'
assembling startup.s...
compiling MeasurementOfDistance.c...
compiling Nokia5110.c...
compiling PLL.c...
linking...
Program Size: Code=9360 RO-data=656 RW-data=64 ZI-data=1120  
".\Lab14.axf" - 0 Error(s), 0 Warning(s).
Load "C:\\Users\\Chris\\Downloads\\Lab14_MeasurementOfDistance\\Lab14_MeasurementOfDistance\\Lab14.axf" 
Connecting: Mode=JTAG, Speed=1000000Hz
Erase Done.
Programming Done.
Verify OK.
Load "C:\\Users\\Chris\\Downloads\\Lab14_MeasurementOfDistance\\Lab14_MeasurementOfDistance\\Lab14.axf" 
Connecting: Mode=JTAG, Speed=1000000Hz
Erase Done.
Programming Done.
Verify OK.
Load "C:\\Users\\Chris\\Downloads\\Lab14_MeasurementOfDistance\\Lab14_MeasurementOfDistance\\Lab14.axf" 
Connecting: Mode=JTAG, Speed=1000000Hz
Erase Done.
Programming Done.
Verify OK.
Load "C:\\Users\\Chris\\Downloads\\Lab14_MeasurementOfDistance\\Lab14_MeasurementOfDistance\\Lab14.axf" 
Connecting: Mode=JTAG, Speed=1000000Hz
Erase Done.
Programming Done.
Verify OK.
